=== ping 192.168.1.1 ===
PING 192.168.1.1 (192.168.1.1): 56 data bytes
Request timeout for icmp_seq 0
Request timeout for icmp_seq 1
Request timeout for icmp_seq 2
Request timeout for icmp_seq 3

--- 192.168.1.1 ping statistics ---
5 packets transmitted, 0 packets received, 100.0% packet loss

=== ifconfig en* ===
en4: flags=8863<UP,BROADCAST,SMART,RUNNING,SIMPLEX,MULTICAST> mtu 1500
	options=400<CHANNEL_IO>
	ether 76:90:f2:ae:34:5a
	nd6 options=201<PERFORMNUD,DAD>
	media: none
--
en5: flags=8863<UP,BROADCAST,SMART,RUNNING,SIMPLEX,MULTICAST> mtu 1500
	options=400<CHANNEL_IO>
	ether 76:90:f2:ae:34:5b
	nd6 options=201<PERFORMNUD,DAD>
	media: none
--
en6: flags=8863<UP,BROADCAST,SMART,RUNNING,SIMPLEX,MULTICAST> mtu 1500
	options=400<CHANNEL_IO>
	ether 76:90:f2:ae:34:5c
	nd6 options=201<PERFORMNUD,DAD>
	media: none
--
en1: flags=8963<UP,BROADCAST,SMART,RUNNING,PROMISC,SIMPLEX,MULTICAST> mtu 1500
	options=460<TSO4,TSO6,CHANNEL_IO>
	ether 36:1c:83:10:54:c0
	media: autoselect <full-duplex>
	status: inactive
en2: flags=8963<UP,BROADCAST,SMART,RUNNING,PROMISC,SIMPLEX,MULTICAST> mtu 1500
	options=460<TSO4,TSO6,CHANNEL_IO>
	ether 36:1c:83:10:54:c4
	media: autoselect <full-duplex>
	status: inactive
en3: flags=8963<UP,BROADCAST,SMART,RUNNING,PROMISC,SIMPLEX,MULTICAST> mtu 1500
	options=460<TSO4,TSO6,CHANNEL_IO>
	ether 36:1c:83:10:54:c8
	media: autoselect <full-duplex>
	status: inactive
--
en0: flags=8863<UP,BROADCAST,SMART,RUNNING,SIMPLEX,MULTICAST> mtu 1500
	options=6460<TSO4,TSO6,CHANNEL_IO,PARTIAL_CSUM,ZEROINVERT_CSUM>
	ether 32:18:01:84:dc:0f
	inet6 fe80::8a6:16cf:c08a:2d2d%en0 prefixlen 64 secured scopeid 0xf 
	inet 192.168.86.20 netmask 0xffffff00 broadcast 192.168.86.255
--
en9: flags=8b63<UP,BROADCAST,SMART,RUNNING,PROMISC,ALLMULTI,SIMPLEX,MULTICAST> mtu 1500
	options=6464<VLAN_MTU,TSO4,TSO6,CHANNEL_IO,PARTIAL_CSUM,ZEROINVERT_CSUM>
	ether 00:e0:4c:1e:47:a0
	nd6 options=201<PERFORMNUD,DAD>
	media: autoselect (none)
