=== dmesg | grep -iE 'mmc|gpt|write' ===
[    0.000000] Memory policy: Data cache writealloc
[    0.000344] CPU: Testing write buffer coherency: ok
[    1.530730] mmc0: SDHCI controller on 7824900.mmc [7824900.mmc] using ADMA 64-bit
[    1.692403] mmc0: new HS200 MMC card at address 0001
[    1.693495] mmcblk0: mmc0:0001 4FTE4R 3.64 GiB
[    1.698721] Alternate GPT is invalid, using primary GPT.
[    1.700752]  mmcblk0: p1 p2
[    1.707105] mmcblk0boot0: mmc0:0001 4FTE4R 4.00 MiB
[    1.709770] mmcblk0boot1: mmc0:0001 4FTE4R 4.00 MiB
[    1.714292] mmcblk0rpmb: mmc0:0001 4FTE4R 512 KiB, chardev (246:0)
[    3.520226] sd 0:0:0:0: [sda] Write Protect is off
[    3.531927] sd 0:0:0:0: [sda] Assuming drive cache: write through
[    3.605113] Alternate GPT is invalid, using primary GPT.

=== eMMC info + WP status ===
alignment_offset
bdi
capability
dev
device
discard_alignment
diskseq
events
events_async
events_poll_msecs
ext_range
force_ro
hidden
holders
inflight
mmcblk0boot0
mmcblk0boot1
mmcblk0p1
mmcblk0p2
mq
partscan
queue
range
removable
ro
size
slaves
stat
subsystem
uevent
0
<<< 0=writable, 1=RO
0
4FTE4R
15010034465445345201a642fafd2600
--- mmc cmd avail? ---
ash: opkg: not found

=== first 16 bytes of mmcblk0 (should be MBR signature if factory.bin took) ===
00000000  00 00 00 00 00 00 00 00  00 00 00 00 00 00 00 00  |................|
*
000001b0  00 00 00 00 00 00 00 00  4f 57 52 54 00 00 00 00  |........OWRT....|
000001c0  02 00 ee 5c 01 0f 01 00  00 00 42 c0 03 00 00 00  |...\......B.....|
000001d0  00 00 00 00 00 00 00 00  00 00 00 00 00 00 00 00  |................|

=== first 16 bytes of USB drive sda (the OpenWrt USB-boot drive) ===
00000000  00 00 00 00 00 00 00 00  00 00 00 00 00 00 00 00  |................|
*
000001b0  00 00 00 00 00 00 00 00  4f 57 52 54 00 00 00 00  |........OWRT....|
000001c0  02 00 ee 5c 01 0f 01 00  00 00 42 c0 03 00 00 00  |...\......B.....|
000001d0  00 00 00 00 00 00 00 00  00 00 00 00 00 00 00 00  |................|
