=== /sys/class/block/mmcblk0p* ===
--- /sys/class/block/mmcblk0p1 ---
34
32768
1
MAJOR=179
MINOR=1
DEVNAME=mmcblk0p1
DEVTYPE=partition
DISKSEQ=10
PARTN=1
PARTNAME=kernel
--- /sys/class/block/mmcblk0p2 ---
32802
212992
2
MAJOR=179
MINOR=2
DEVNAME=mmcblk0p2
DEVTYPE=partition
DISKSEQ=10
PARTN=2
PARTNAME=rootfs

=== GPT primary header (sector 1) ===
00000000  00 00 00 00 00 00 00 00  00 00 00 00 00 00 00 00  |................|
*
000001b0  00 00 00 00 00 00 00 00  4f 57 52 54 00 00 00 00  |........OWRT....|
000001c0  02 00 ee 5c 01 0f 01 00  00 00 42 c0 03 00 00 00  |...\......B.....|
000001d0  00 00 00 00 00 00 00 00  00 00 00 00 00 00 00 00  |................|
*
000001f0  00 00 00 00 00 00 00 00  00 00 00 00 00 00 55 aa  |..............U.|
00000200  45 46 49 20 50 41 52 54  00 00 01 00 5c 00 00 00  |EFI PART....\...|
00000210  83 dd 56 46 00 00 00 00  01 00 00 00 00 00 00 00  |..VF............|
00000220  42 c0 03 00 00 00 00 00  22 00 00 00 00 00 00 00  |B.......".......|
00000230  21 c0 03 00 00 00 00 00  4f 57 52 54 11 22 33 44  |!.......OWRT."3D|
00000240  55 66 77 88 99 aa bb 00  02 00 00 00 00 00 00 00  |Ufw.............|
00000250  80 00 00 00 80 00 00 00  5c ca 7f 24 00 00 00 00  |........\..$....|
00000260  00 00 00 00 00 00 00 00  00 00 00 00 00 00 00 00  |................|
*
00000400

=== GPT partition entries (sectors 2-33) ===
00000000  5d 2a 3a fe 32 4f a7 41  b7 25 ac cc 32 85 a3 09  |]*:.2O.A.%..2...|
00000010  4f 57 52 54 11 22 33 44  55 66 77 88 99 aa bb 01  |OWRT."3DUfw.....|
00000020  22 00 00 00 00 00 00 00  21 80 00 00 00 00 00 00  |".......!.......|
00000030  04 00 00 00 00 00 01 01  6b 00 65 00 72 00 6e 00  |........k.e.r.n.|
00000040  65 00 6c 00 00 00 00 00  00 00 00 00 00 00 00 00  |e.l.............|
00000050  00 00 00 00 00 00 00 00  00 00 00 00 00 00 00 00  |................|
*
00000080  af 3d c6 0f 83 84 72 47  8e 79 3d 69 d8 47 7d e4  |.=....rG.y=i.G}.|
00000090  4f 57 52 54 11 22 33 44  55 66 77 88 99 aa bb 02  |OWRT."3DUfw.....|
000000a0  22 80 00 00 00 00 00 00  21 c0 03 00 00 00 00 00  |".......!.......|
000000b0  00 00 00 00 00 00 00 00  72 00 6f 00 6f 00 74 00  |........r.o.o.t.|
000000c0  66 00 73 00 00 00 00 00  00 00 00 00 00 00 00 00  |f.s.............|
000000d0  00 00 00 00 00 00 00 00  00 00 00 00 00 00 00 00  |................|
*
00004000

=== compare: USB drive (sda) GPT entries ===
00000000  5d 2a 3a fe 32 4f a7 41  b7 25 ac cc 32 85 a3 09  |]*:.2O.A.%..2...|
00000010  4f 57 52 54 11 22 33 44  55 66 77 88 99 aa bb 01  |OWRT."3DUfw.....|
00000020  22 00 00 00 00 00 00 00  21 80 00 00 00 00 00 00  |".......!.......|
00000030  04 00 00 00 00 00 01 01  6b 00 65 00 72 00 6e 00  |........k.e.r.n.|
00000040  65 00 6c 00 00 00 00 00  00 00 00 00 00 00 00 00  |e.l.............|
00000050  00 00 00 00 00 00 00 00  00 00 00 00 00 00 00 00  |................|
*
00000080  af 3d c6 0f 83 84 72 47  8e 79 3d 69 d8 47 7d e4  |.=....rG.y=i.G}.|
00000090  4f 57 52 54 11 22 33 44  55 66 77 88 99 aa bb 02  |OWRT."3DUfw.....|
000000a0  22 80 00 00 00 00 00 00  21 c0 03 00 00 00 00 00  |".......!.......|
000000b0  00 00 00 00 00 00 00 00  72 00 6f 00 6f 00 74 00  |........r.o.o.t.|
000000c0  66 00 73 00 00 00 00 00  00 00 00 00 00 00 00 00  |f.s.............|
000000d0  00 00 00 00 00 00 00 00  00 00 00 00 00 00 00 00  |................|
*
00004000
