=== current wifi config ===
wireless.radio0=wifi-device
wireless.radio0.type='mac80211'
wireless.radio0.path='platform/soc/a000000.wifi'
wireless.radio0.band='2g'
wireless.radio0.channel='1'
wireless.radio0.htmode='VHT20'
wireless.default_radio0=wifi-iface
wireless.default_radio0.device='radio0'
wireless.default_radio0.network='lan'
wireless.default_radio0.mode='ap'
wireless.default_radio0.ssid='OpenWrt'
wireless.default_radio0.encryption='none'
wireless.default_radio0.disabled='1'
wireless.radio1=wifi-device
wireless.radio1.type='mac80211'
wireless.radio1.path='platform/soc/a800000.wifi'
wireless.radio1.band='5g'
wireless.radio1.channel='36'
wireless.radio1.htmode='VHT80'
wireless.default_radio1=wifi-iface
wireless.default_radio1.device='radio1'
wireless.default_radio1.network='lan'
wireless.default_radio1.mode='ap'
wireless.default_radio1.ssid='OpenWrt'
wireless.default_radio1.encryption='none'
wireless.default_radio1.disabled='1'
--- iw list capabilities (mesh support check) ---
	Supported interface modes:
		 * mesh point
		 * #{ managed } <= 16, #{ AP, mesh point } <= 16, #{ IBSS } <= 1,
	Supported interface modes:
		 * mesh point
		 * #{ managed } <= 16, #{ AP, mesh point } <= 16, #{ IBSS } <= 1,
--- installed packages relevant ---
ath10k-board-qca4019-20260221-r1 arm_cortex-a7_neon-vfpv4 {feeds/base/firmware/linux-firmware} () [installed]
ath10k-firmware-qca4019-ct-2023.04.04-r1 arm_cortex-a7_neon-vfpv4 {feeds/base/firmware/ath10k-ct-firmware} () [installed]
kmod-ath10k-ct-6.12.87.2025.12.01~bb84e159-r1 arm_cortex-a7_neon-vfpv4 {feeds/base/kernel/ath10k-ct} (GPLv2) [installed]
wpad-basic-mbedtls-2025.08.26~ca266cc2-r1 arm_cortex-a7_neon-vfpv4 {feeds/base/network/services/hostapd} (BSD-3-Clause) [installed]
