=== applying mesh config to 192.168.1.1 ===
=== hostname ===
=== radios: country US + enable ===
=== 2.4G AP ===
=== 5G AP ===
=== 5G mesh point ===
=== disable DHCP server on LAN (mesh node, primary will serve) ===
=== commit ===
=== reload wifi ===
=== final wireless state ===
wireless.radio0=wifi-device
wireless.radio0.type='mac80211'
wireless.radio0.path='platform/soc/a000000.wifi'
wireless.radio0.band='2g'
wireless.radio0.channel='1'
wireless.radio0.htmode='VHT20'
wireless.radio0.country='US'
wireless.radio0.disabled='0'
wireless.default_radio0=wifi-iface
wireless.default_radio0.device='radio0'
wireless.default_radio0.network='lan'
wireless.default_radio0.mode='ap'
wireless.default_radio0.ssid='Cinque Veddy Much'
wireless.default_radio0.encryption='psk2'
wireless.default_radio0.disabled='0'
wireless.default_radio0.key='<AP_PASSWORD_REDACTED>'
wireless.default_radio0.ieee80211k='1'
wireless.default_radio0.bss_transition='1'
wireless.radio1=wifi-device
wireless.radio1.type='mac80211'
wireless.radio1.path='platform/soc/a800000.wifi'
wireless.radio1.band='5g'
wireless.radio1.channel='36'
wireless.radio1.htmode='VHT80'
wireless.radio1.country='US'
wireless.radio1.disabled='0'
wireless.default_radio1=wifi-iface
wireless.default_radio1.device='radio1'
wireless.default_radio1.network='lan'
wireless.default_radio1.mode='ap'
wireless.default_radio1.ssid='Cinque Veddy Much'
wireless.default_radio1.encryption='psk2'
wireless.default_radio1.disabled='0'
wireless.default_radio1.key='<AP_PASSWORD_REDACTED>'
wireless.default_radio1.ieee80211k='1'
wireless.default_radio1.bss_transition='1'
wireless.mesh=wifi-iface
wireless.mesh.device='radio1'
wireless.mesh.network='lan'
wireless.mesh.mode='mesh'
wireless.mesh.mesh_id='cinque-mesh'
wireless.mesh.encryption='sae'
wireless.mesh.key='<MESH_SAE_KEY_REDACTED>'
--- iw dev ---
phy#1
	Interface phy1-mesh0
		ifindex 7
		wdev 0x100000001
		addr 58:cb:52:aa:16:28
		type mesh point
		channel 36 (5180 MHz), width: 80 MHz, center1: 5210 MHz
		txpower 23.00 dBm
		multicast TXQ:
			qsz-byt	qsz-pkt	flows	drops	marks	overlmt	hashcol	tx-bytes	tx-packets
			0	0	0	0	0	0	0	0		0
phy#0
	Interface phy0-ap0
		ifindex 6
		wdev 0x1
		addr 58:cb:52:aa:16:2c
		type AP
		multicast TXQ:
			qsz-byt	qsz-pkt	flows	drops	marks	overlmt	hashcol	tx-bytes	tx-packets
			0	0	0	0	0	0	0	0		0
