=== iw dev (full) ===
phy#1
	Interface phy1-ap0
		ifindex 8
		wdev 0x100000002
		addr 58:cb:52:aa:16:28
		type AP
		multicast TXQ:
			qsz-byt	qsz-pkt	flows	drops	marks	overlmt	hashcol	tx-bytes	tx-packets
			0	0	0	0	0	0	0	0		0
	Interface phy1-mesh0
		ifindex 7
		wdev 0x100000001
		addr 58:cb:52:aa:16:28
		type mesh point
		channel 36 (5180 MHz), width: 80 MHz, center1: 5210 MHz
		txpower 23.00 dBm
		multicast TXQ:
			qsz-byt	qsz-pkt	flows	drops	marks	overlmt	hashcol	tx-bytes	tx-packets
			0	0	2	0	0	0	0	236		2
phy#0
	Interface phy0-ap0
		ifindex 6
		wdev 0x1
		addr 58:cb:52:aa:16:2c
		type AP
		multicast TXQ:
			qsz-byt	qsz-pkt	flows	drops	marks	overlmt	hashcol	tx-bytes	tx-packets
			0	0	0	0	0	0	0	0		0

=== logread last hostapd lines ===
Wed May 13 22:55:04 2026 daemon.notice hostapd: hostapd.add_iface failed for phy phy0 ifname=phy0-ap0
Wed May 13 22:55:04 2026 daemon.notice netifd: radio0 (2441): wifi-scripts: Configuring 'phy0' txantenna: 4294967295, rxantenna: 4294967295 distance: 0
Wed May 13 22:55:04 2026 daemon.notice netifd: radio0 (2441): wifi-scripts: Preparing interface: phy0-ap0 with MAC: 58:cb:52:aa:16:2c
Wed May 13 22:55:04 2026 daemon.notice netifd: radio1 (2450): wifi-scripts: Starting
Wed May 13 22:55:06 2026 kern.warn kernel: [  765.209902] ath10k_ahb a800000.wifi: 10.4 wmi init: vdevs: 16  peers: 48  tid: 96
Wed May 13 22:55:06 2026 kern.warn kernel: [  765.209998] ath10k_ahb a800000.wifi: msdu-desc: 2500  skid: 32
Wed May 13 22:55:06 2026 kern.info kernel: [  765.256884] ath10k_ahb a800000.wifi: wmi print 'ChipType 1100 ChipTypeID 30 BoardID 15 P 48/48 V 16 K 144 PH 176 T 186  msdu-desc: 2500  sw-crypt: 0 ct-sta: 0'
Wed May 13 22:55:06 2026 kern.info kernel: [  765.257828] ath10k_ahb a800000.wifi: wmi print 'free: 53428 iram: 20552 sram: 37256'
Wed May 13 22:55:06 2026 kern.info kernel: [  765.575124] ath10k_ahb a800000.wifi: rts threshold -1
Wed May 13 22:55:06 2026 kern.warn kernel: [  765.575361] ath10k_ahb a800000.wifi: Firmware lacks feature flag indicating a retry limit of > 2 is OK, requested limit: 4
Wed May 13 22:55:06 2026 kern.info kernel: [  765.583254] br-lan: port 2(phy1-mesh0) entered blocking state
Wed May 13 22:55:06 2026 kern.info kernel: [  765.590165] br-lan: port 2(phy1-mesh0) entered disabled state
Wed May 13 22:55:06 2026 kern.info kernel: [  765.596054] ath10k_ahb a800000.wifi phy1-mesh0: entered allmulticast mode
Wed May 13 22:55:06 2026 kern.info kernel: [  765.602049] ath10k_ahb a800000.wifi phy1-mesh0: entered promiscuous mode
Wed May 13 22:55:06 2026 kern.info kernel: [  765.615947] ath10k_ahb a800000.wifi: NOTE:  Firmware DBGLOG output disabled in debug_mask: 0x10000000
Wed May 13 22:55:07 2026 kern.info kernel: [  766.617953] br-lan: port 2(phy1-mesh0) entered blocking state
Wed May 13 22:55:07 2026 kern.info kernel: [  766.618041] br-lan: port 2(phy1-mesh0) entered forwarding state
Wed May 13 22:55:07 2026 daemon.notice netifd: Network device 'phy1-mesh0' link is up
Wed May 13 22:55:07 2026 daemon.notice wpa_supplicant[1103]: Set new config for phy phy1
Wed May 13 22:55:07 2026 daemon.notice hostapd: Set new config for phy phy1: /var/run/hostapd-phy1.conf
Wed May 13 22:55:07 2026 daemon.notice hostapd: Restart interface for phy phy1
Wed May 13 22:55:08 2026 daemon.notice hostapd: Configuration file: <inline> (phy phy1) --> new PHY
Wed May 13 22:55:08 2026 daemon.notice hostapd: Configuration file: Reading configuration file '<inline>'
Wed May 13 22:55:08 2026 daemon.err hostapd: Line 48: unknown configuration item 'bss_transition'
Wed May 13 22:55:08 2026 daemon.err hostapd: 1 errors found in configuration file '<inline>'
Wed May 13 22:55:08 2026 daemon.notice hostapd: hostapd.add_iface failed for phy phy1 ifname=phy1-ap0
Wed May 13 22:55:08 2026 daemon.notice netifd: radio1 (2450): wifi-scripts: Configuring 'phy1' txantenna: 4294967295, rxantenna: 4294967295 distance: 0
Wed May 13 22:55:08 2026 daemon.notice netifd: radio1 (2450): wifi-scripts: Preparing interface: phy1-ap0 with MAC: 58:cb:52:aa:16:28
Wed May 13 22:55:08 2026 daemon.notice netifd: radio1 (2450): wifi-scripts: Preparing interface: phy1-mesh0 with MAC: 5a:cb:52:aa:16:28
Wed May 13 22:55:08 2026 daemon.notice wpa_supplicant[1103]: Start pending MLD interfaces

=== br-lan members ===
ash: bridge: not found
---
bridge name	bridge id		STP enabled	interfaces
br-lan		7fff.58cb52aa1626	no		lan
							phy1-mesh0

=== mesh peer scan (will be empty until primary mesh configured) ===
