11:31:42 [AP] 
11:31:42 [AP] 
11:31:42 [AP] coreboot-60d1b1c Mon Jan  9 00:04:49 UTC 2017 bootblock starting...
11:31:42 [AP] Exception handlers installed.
11:31:42 [AP] Translation table is @ 0a0f0000
11:31:42 [AP] Mapping address range [0x00000000:0x00000000) as uncached
11:31:42 [AP] Creating new subtable @0a0f4000 for [0x0a000000:0x0a100000)
11:31:42 [AP] Mapping address range [0x0a0c0000:0x0a100000) as writeback
11:31:42 [AP] Creating new subtable @0a0f4400 for [0x0a800000:0x0a900000)
11:31:42 [AP] Mapping address range [0x0a8c0000:0x0a900000) as writeback
11:31:42 [AP] Creating new subtable @0a0f4800 for [0x08600000:0x08700000)
11:31:42 [AP] Mapping address range [0x08600000:0x08608000) as writeback
11:31:42 [AP] Setting address range [0x80000000:0xa0000000) as unss range [0x87307500000) as unmapped
11:31:42 [AP] Setting address range [0xa0000000:0x00000000) as unmapped
11:31:42 [AP] Creating new subtable @0a0f4c00 for [0x00000000:0x00100000)
11:31:42 [AP] Setting address range [0x00000000:0x00000400) as unmapped
11:31:42 [AP] No uber-sbl parameter detected
11:31:42 [AP] SF: Detected W25Q64 with sector size 0x1000, total 0x800000
11:31:42 [AP] VBOOT: Loading verstage.
11:31:42 [AP] CBFS @ 20000 size 2e0000
11:31:42 [AP] CBFS: 'Master Header Locator' located CBFS at [20000:300000)
11:31:42 [AP] CBFS: Locating 'fallback/verstage'
11:31:42 [AP] CBFS: Found @ offset 1cf40 size 987c
11:31:42 [AP] 
11:31:42 [AP] 
11:31:42 [AP] coreboot-60d1b1c Mon Jan  9 00:04:49 UTC 2017 verstage starting...
11:31:42 [AP] Exception handlers installed.
11:31:42 [AP] SF: Detected W25Q64 with sector size 0x1000, total 0x800000
11:31:42 [AP] FMAP: Found "FMAP" version 1.0 at 300000.
11:31:42 [AP] FMAP: base = 0 size = 800000 #areas = 24
11:31:42 [AP] FMAP: area RW_NVRAM found @ 6f0000 (65536 bytes)
11:31:42 [AP] tis_init: ValidSts bit set(1) in TPM_ACCESS register after 8 ms
11:31:42 [AP] 1.2 TPM (chip type slb9645tt device-id 0x1A)
11:31:42 [AP] TPM: Startup
11:31:42 [AP] TPM: command 0x99 returned 0x0
11:31:42 [AP] TPM: Asserting physical presence
11:31:43 [AP] TPM: command 0x4000000a returned 0x0
11:31:43 [AP] TPM: command 0x65 returned 0x0
11:31:43 [AP] TPM: flags disable=0, deactivated=0, nvlocked=1
11:31:43 [AP] setup_tpm():320: TPM: SetupTPM() succeeded
11:31:43 [AP] TPM: tlcl_read(0x1007, 10)
11:31:43 [AP] TPM: command 0xcf returned 0x0
11:31:43 [AP] Reading tristate GPIOs: 0 Z 0 = 10 (binary_first base3 number system)
11:31:43 [AP] Board ID 10
11:31:43 [AP] WW_RING: initialized 1 out of 1
11:31:43 [AP] Phase 1
11:31:43 [AP] FMAP: area GBB found @ 301000 (913152 bytes)
11:31:43 [AP] VB2:vb2_check_recovery() Recovery reason from previous boot: 0x0 / 0x0
11:31:43 [AP] Phase 2
11:31:43 [AP] Clearing TPM owner
11:31:43 [AP] tpm_clear_and_reenable():57: TPM: Clear and re-enable
11:31:43 [AP] TPM: Force clear
11:31:43 [AP] TPM: command 0x5d returned 0x0
11:31:43 [AP] TPM: Enabling TPM
11:31:43 [AP] TPM: command 0x6f returned 0x0
11:31:43 [AP] TPM: SetDeactivated(0)
11:31:43 [AP] TPM: command 0x72 returned 0x0
11:31:43 [AP] Phase 3
11:31:44 [AP] FMAP: area GBB found @ 301000 (913152 bytes)
11:31:44 [AP] FMAP: area VBLOCK_A found @ 400000 (8192 bytes)
11:31:44 [AP] FMAP: area VBLOCK_A found @ 400000 (8192 bytes)
11:31:44 [AP] VB2:vb2_verify_keyblock() Checking key block signature...
11:31:45 [AP] FMAP: area VBLOCK_A found @ 400000 (8192 bytes)
11:31:45 [AP] FMAP: area VBLOCK_A found @ 400000 (8192 bytes)
11:31:45 [AP] VB2:vb2_verify_fw_preamble() Verifying preamble.
11:31:46 [AP] Phase 4
11:31:46 [AP] FMAP: area FW_MAIN_A found @ 402000 (1367808 bytes)
11:31:46 [AP] VB2:vb2api_init_hash() HW crypto for hash_alg 2 not supported, using SW
11:31:52 [AP] Saving nvdata
11:31:52 [AP] SF: Detected W25Q64 with sector size 0x1000, total 0x800000
11:31:52 [AP] TPM: command 0x14 returned 0x0
11:31:52 [AP] TPM: command 0x14 returned 0x0
11:31:52 [AP] TPM: Set global lock
11:31:52 [AP] TPM: tlcl_write(0x0, 0)
11:31:52 [AP] TPM: command 0xcd returned 0x0
11:31:52 [AP] Slot A is selected
11:31:52 [AP] CBFS: 'VBOOT' located CBFS at [402000:485e40)
11:31:52 [AP] CBFS: Locating 'fallback/romstage'
11:31:52 [AP] CBFS: Found @ offset 0 size 469a
11:31:52 [AP] 
11:31:52 [AP] 
11:31:52 [AP] coreboot-9ff56ab Wed Dec 19 18:42:09 UTC 2018 romstage starting...
11:31:52 [AP] SF: Detected W25Q64 with sector size 0x1000, total 0x800000
11:31:52 [AP] CBFS: 'VBOOT' located CBFS at [402000:485e40)
11:31:52 [AP] CBFS: Locating 'cdt.mbn'
11:31:52 [AP] CBFS: Found @ offset bac0 size 1ac
11:31:52 [AP] CBFS: 'VBOOT' located CBFS at [402000:485e40)
11:31:52 [AP] CBFS: Locating 'ddr.mbn'
11:31:52 [AP] CBFS: Found @ offset bcc0 size 7d38
11:31:53 [AP] DDR version private build initialized
11:31:53 [AP] SDI Entry: 0x860038d
11:31:53 [AP] Mapping address range [0x80000000:0xa0000000) as writeback
11:31:53 [AP] Mapping address range [0x87400000:0x87600000) as uncached
11:31:53 [AP] CBMEM:
11:31:53 [AP] IMD: root @ 8727f000 254 entries.
11:31:53 [AP] IMD: root @ 8727ec00 62 entries.
11:31:53 [AP] creating vboot_handoff structure
11:31:53 [AP] Reading tristate GPIOs: 0 Z 0 = 10 (binary_first base3 number system)
11:31:53 [AP] Board ID 10
11:31:53 [AP] Copying FW preamble
11:31:53 [AP] CBFS: 'VBOOT' located CBFS at [402000:485e40)
11:31:53 [AP] CBFS: Locating 'fallback/ramstage'
11:31:53 [AP] CBFS: Found @ offset 4700 size 6f2c
11:31:53 [AP] 
11:31:53 [AP] 
11:31:54 [AP] coreboot-9ff56ab Wed Dec 19 18:42:09 UTC 2018 ramstage starting...
11:31:54 [AP] SF: Detected W25Q64 with sector size 0x1000, total 0x800000
11:31:54 [AP] FMAP: Found "FMAP" version 1.0 at 300000.
11:31:54 [AP] FMAP: base = 0 size = 800000 #areas = 24
11:31:54 [AP] FMAP: area RO_VPD found @ 3e0000 (131072 bytes)
11:31:54 [AP] FMAP: area RW_VPD found @ 6e0000 (32768 bytes)
11:31:54 [AP] FMAP: area RO_VPD found @ 3e0000 (131072 bytes)
11:31:54 [AP] FMAP: area RW_VPD found @ 6e0000 (32768 bytes)
11:31:54 [AP] Exception handlers installed.
11:31:54 [AP] BS: BS_PRE_DEVICE times (us): entry 9 run 14 exit 9
11:31:54 [AP] BS: BS_DEV_INIT_CHIPS times (us): entry 9 run 28 exit 10
11:31:54 [AP] Enumerating buses...
11:31:54 [AP] Show all devs... Before device enumeration.
11:31:54 [AP] Root Device: enabled 1
11:31:54 [AP] CPU_CLUSTER: 0: enabled 1
11:31:54 [AP] Compare with tree...
11:31:54 [AP] Root Device: enabled 1
11:31:54 [AP]  CPU_CLUSTER: 0: enabled 1
11:31:54 [AP] Root Device scanning...
11:31:54 [AP] root_dev_scan_bus for Root Device
11:31:54 [AP] CPU_CLUSTER: 0 enabled
11:31:54 [AP] root_dev_scan_bus for Root Device done
11:31:54 [AP] scan_bus: scanning of bus Root Device took 12407 usecs
11:31:54 [AP] done
11:31:54 [AP] BS: BS_DEV_ENUMERATE times (us): entry 10 run 37303 exit 10
11:31:54 [AP] Allocating resources...
11:31:54 [AP] Reading resources...
11:31:54 [AP] Root Device read_resources bus 0 link: 0
11:31:54 [AP] Root Device read_resources bus 0 link: 0 done
11:31:54 [AP] Done reading resources.
11:31:54 [AP] Show resources in subtree (Root Device)...After reading.
11:31:54 [AP]  Root Device child on link 0 CPU_CLUSTER: 0
11:31:54 [AP]   CPU_CLUSTER: 0
11:31:54 [AP]   CPU_CLUSTER: 0 resource base 80000000 size 7500000 align 0 gran 0 limit 0 flags e0004200 index 0
11:31:54 [AP]   CPU_CLUSTER: 0 resource base 87500000 size b00000 align 0 gran 0 limit 0 flags f0004200 index 1
11:31:54 [AP]   CPU_CLUSTER: 0 resource base 88000000 size 18000000 align 0 gran 0 limit 0 flags e0004200 index 2
11:31:54 [AP] Setting resources...
11:31:54 [AP] Root Device assign_resources, bus 0 link: 0
11:31:54 [AP] CPU_CLUSTER: 0 missing set_resources
11:31:54 [AP] Root Device assign_resources, bus 0 link: 0
11:31:54 [AP] Done setting resources.
11:31:54 [AP] Show resources in subtree (Root Device)...After assigning values.
11:31:54 [AP]  Root Device child on link 0 CPU_CLUSTER: 0
11:31:54 [AP]   CPU_CLUSTER: 0
11:31:54 [AP]   CPU_CLUSTER: 0 resource base 80000000 size 7500000 align 0 gran 0 limit 0 flags e0004200 index 0
11:31:54 [AP]   CPU_CLUSTER: 0 resource base 87500000 size b00000 align 0 gran 0 limit 0 flags f0004200 index 1
11:31:54 [AP]   CPU_CLUSTER: 0 resource base 88000000 size 18000000 align 0 gran 0 limit 0 flags e0004200 index 2
11:31:54 [AP] Done allocating resources.
11:31:54 [AP] BS: BS_DEV_RESOURCES times (us): entry 10 run 120209 exit 9
11:31:54 [AP] Enabling resources...
11:31:54 [AP] done.
11:31:54 [AP] BS: BS_DEV_ENABLE times (us): entry 9 run 2983 exit 10
11:31:54 [AP] Initializing devices...
11:31:54 [AP] Root Device init ...
11:31:54 [AP] CBFS: 'VBOOT' located CBFS at [402000:485e40)
11:31:54 [AP] CBFS: Locating 'tzbsp_no_xpu.mbn'
11:31:54 [AP] CBFS: Found @ offset 13a40 size 60028
11:31:54 [AP] Starting TZBSP
11:31:54 [AP] Translation table is @ 0a0f0000
11:31:54 [AP] Mapping address range [0x00000000:0x00000000) as uncached
11:31:54 [AP] Creating new subtable @0a0f4000 for [0x0a000000:0x0a100000)
11:31:54 [AP] Mapping address range [0x0a0c0000:0x0a100000) as writeback
11:31:54 [AP] Creating new subtable @0a0f4400 for [0x0a800000:0x0a900000)
11:31:55 [AP] Mapping address range [0x0a8c0000:0x0a900000) as writeback
11:31:55 [AP] Creating new subtable @0a0f4800 for [0x08600000:0x08700000)
11:31:55 [AP] Mapping address range [0x08600000:0x08608000) as writeback
11:31:55 [AP] Mapping address range [0x80000000:0xa0000000) as writeback
11:31:55 [AP] Mapping address range [0x87400000:0x87600000) as uncached
11:31:55 [AP] Setting address range [0xa0000000:0x00000000) as unmapped
11:31:55 [AP] Creating new subtable @0a0f4c00 for [0x00000000:0x00100000)
11:31:55 [AP] Setting address range [0x00000000:0x00000400) as unmapped
11:31:55 [AP] Setting up USB HOST1 controller.
11:31:55 [AP] Version = 5533270a
11:31:55 [AP] software reset done
11:31:55 [AP] USB Host mode reg = 101004
11:31:55 [AP] cbmem_add_vpd_calibration_data: added wifi_base64_calibration0 to CBMEM
11:31:55 [AP] cbmem_add_vpd_calibration_data: added wifi_base64_calibration1 to CBMEM
11:31:55 [AP] Root Device init finished in 1117621 usecs
11:31:55 [AP] CPU_CLUSTER: 0 init ...
11:31:55 [AP] CPU: QCA 40xx
11:31:55 [AP] CPU_CLUSTER: 0 init finished in 3788 usecs
11:31:55 [AP] Devices initialized
11:31:55 [AP] Show all devs... After init.
11:31:55 [AP] Root Device: enabled 1
11:31:55 [AP] CPU_CLUSTER: 0: enabled 1
11:31:55 [AP] BS: BS_DEV_INIT times (us): entry 9 run 1141862 exit 2
11:31:55 [AP] Finalize devices...
11:31:55 [AP] Devices finalized
11:31:55 [AP] BS: BS_POST_DEVICE times (us): entry 2 run 3787 exit 2
11:31:55 [AP] BS: BS_OS_RESUME_CHECK times (us): entry 2 run 4 exit 2
11:31:55 [AP] Writing coreboot table at 0x8724c000
11:31:55 [AP] rom_table_end = 0x8724c000
11:31:55 [AP] ... aligned to 0x87250000
11:31:55 [AP]  0. 0000000080000000-000000008724bfff: RAM
11:31:55 [AP]  1. 000000008724c000-000000008727ffff: CONFIGURATION TABLES
11:31:55 [AP]  2. 0000000087280000-00000000874fffff: RAM
11:31:55 [AP]  3. 0000000087500000-0000000087ffffff: RESERVED
11:31:55 [AP]  4. 0000000088000000-000000009fffffff: RAM
11:31:55 [AP] Reading tristate GPIOs: 0 Z 0 = 10 (binary_first base3 number system)
11:31:55 [AP] Board ID 10
11:31:55 [AP] Passing 5 GPIOs to payload:
11:31:55 [AP]             NAME |       PORT | POLARITY |     VALUE
11:31:55 [AP]        developer | 0x00000029 |      low |       low
11:31:55 [AP]         recovery | 0x00000039 |      low |       low
11:31:55 [AP]    write protect | 0x00000035 |      low |       low
11:31:55 [AP]            power |  undefined |      low |       low
11:31:55 [AP]              lid |  undefined |      low |      high
11:31:55 [AP] CBFS: 'VBOOT' located CBFS at [402000:485e40)
11:31:55 [AP] Wrote coreboot table at: 8724c000, 0x320 bytes, checksum 9bd6
11:31:55 [AP] coreboot table: 824 bytes.
11:31:55 [AP] IMD ROOT    0. 8727f000 00001000
11:31:55 [AP] IMD SMALL   1. 8727e000 00001000
11:31:55 [AP] CONSOLE     2. 8725e000 00020000
11:31:55 [AP] TIME STAMP  3. 8725d000 00000400
11:31:55 [AP] VBOOT       4. 8725c000 00000c0c
11:31:55 [AP] VPD         5. 87254000 00007fec
11:31:55 [AP] WIFI CLBR   6. 8724e000 00005e94
11:31:55 [AP] COREBOOT    7. 8724c000 00002000
11:31:55 [AP] IMD small region:
11:31:55 [AP]   IMD ROOT    0. 8727ec00 00000400
11:31:55 [AP]   VBOOT SEL   1. 8727ebe0 00000008
11:31:55 [AP] BS: BS_WRITE_TABLES times (us): entry 2 run 120493 exit 1
11:31:55 [AP] CBFS: 'VBOOT' located CBFS at [402000:485e40)
11:31:55 [AP] CBFS: Locating 'fallback/payload'
11:31:55 [AP] CBFS: Found @ offset 73ac0 size 10341
11:31:55 [AP] Loading segment from rom address 0x872e0028
11:31:55 [AP]   code (compression=1)
11:31:55 [AP]   New segment dstaddr 0x88104040 memsize 0x1249b70 srcaddr 0x872e0060 filesize 0x10309
11:31:55 [AP] Loading segment from rom address 0x872e0044
11:31:55 [AP]   Entry Point 0x88104041
11:31:55 [AP] Bounce Buffer at 9ffcf000, 197488 bytes
11:31:55 [AP] Loading Segment: addr: 0x0000000088104040 memsz: 0x0000000001249b70 filesz: 0x0000000000010309
11:31:55 [AP] lb: [0x0000000087300000, 0x00000000873181b8)
11:31:55 [AP] Post relocation: addr: 0x0000000088104040 memsz: 0x0000000001249b70 filesz: 0x0000000000010309
11:31:55 [AP] using LZMA
11:31:55 [AP] [ 0x88104040, 88121470, 0x8934dbb0) <- 872e0060
11:31:55 [AP] Clearing Segment: addr: 0x0000000088121470 memsz: 0x000000000122c740
11:31:55 [AP] dest 88104040, end 8934dbb0, bouncebuffer 9ffcf000
11:31:55 [AP] Loaded segments
11:31:55 [AP] BS: BS_PAYLOAD_LOAD times (us): entry 2 run 175274 exit 2
11:31:55 [AP] Jumping to boot code at 88104041(8724c000)
11:31:55 [AP] CPU0: stack: 0a8fc000 - 0a900000, lowest used address 0a8ff5f0, stack used: 2576 bytes
11:31:55 [AP] 
11:31:55 [AP] 
11:31:55 [AP] Starting depthcharge on gale...
11:31:55 [AP] WARNING: can't convert coreboot GPIOs, 'lid' won't be resampled at runtime!
11:31:55 [AP] WARNING: can't convert coreboot GPIOs, 'power' won't be resampled at runtime!
11:31:55 [AP] clock_config_mmc : 1
11:31:55 [AP] WW_RING: initialized controller found at 0x32
11:31:55 [AP] WW_RING: initialized 1 out of 1
11:31:55 [AP] The GBB signature is at 0x88004020 and is:  24 47 42 42
11:31:55 [AP] Wipe memory regions:
11:31:55 [AP] 	[0x00000080000000, 0x00000080208000)
11:31:55 [AP] 	[0x00000080208200, 0x0000008724c000)
11:31:55 [AP] 	[0x00000087280000, 0x00000087500000)
11:31:55 [AP] 	[0x0000008934dbb0, 0x0000009ff00000)
11:31:56 [AP] Initializing XHCI USB controller at 0x8a00000.
11:31:56 [AP] Calling VbSelectAndLoadKernel().
11:31:56 [AP] TPM: TlclRead(0x1008, 13)
11:31:56 [AP] 1.2 TPM (chip type slb9645tt device-id 0x1A)
11:31:56 [AP] TPM: command 0xcf returned 0x0
11:31:56 [AP] TPM: command 0x65 returned 0x0
11:31:56 [AP] TPM: RollbackKernelRead 10001
11:31:56 [AP] Entering VbBootDeveloper()
11:31:56 [AP] VbAudioOpen() - ticks_per_msec is 1000
11:31:56 [AP] sound_stop: No sound ops set.
11:31:56 [AP] VbAudioOpen() - VbExBeep() is limited
11:31:56 [AP] VbGetDevMusicNotes: use_short is 0, hdr is 0x0, maxsize is 0
11:31:56 [AP] VbGetDevMusicNotes: using 5 default notes
11:31:56 [AP] VbAudioOpen() - note count 5
11:32:16 [AP] sound_start: No sound ops set.
11:32:17 [AP] sound_start: No sound ops set.
11:32:26 [AP] VbBootDeveloper() - trying fixed disk
11:32:26 [AP] sound_stop: No sound ops set.
11:32:26 [AP] VbTryLoadKernel() start, get_info_flags=0x2
11:32:26 [AP] MMC version  = 10000042
11:32:26 [AP] clock_config_mmc : 1
11:32:26 [AP] clock_config_mmc : 2
11:32:26 [AP] Man 000015 Snr 2940973631 Product 4FPD3R Revision 0.2
11:32:26 [AP] VbTryLoadKernel() found 1 disks
11:32:26 [AP] VbTryLoadKernel() trying disk 0
11:32:26 [AP] GptNextKernelEntry looking at new prio partition 2
11:32:26 [AP] GptNextKernelEntry s1 t0 p2
11:32:26 [AP] GptNextKernelEntry looking at new prio partition 4
11:32:26 [AP] GptNextKernelEntry s1 t0 p1
11:32:26 [AP] GptNextKernelEntry looking at new prio partition 6
11:32:26 [AP] GptNextKernelEntry s0 t15 p0
11:32:26 [AP] GptNextKernelEntry likes partition 2
11:32:26 [AP] Found kernel entry at 20480 size 32768
11:32:26 [AP] Checking key block signature...
11:32:26 [AP]    - sig_size=512, expecting 512 for algorithm 8
11:32:26 [AP]    - sig_size=256, expecting 256 for algorithm 4
11:32:26 [AP] Kernel preamble is good.
11:32:27 [AP]    - sig_size=256, expecting 256 for algorithm 4
11:32:28 [AP] Partition is good.
11:32:28 [AP] Same kernel version
11:32:28 [AP] Good_partition >= 0
11:32:28 [AP] VbTryLoadKernel() LoadKernel() = 0
11:32:28 [AP] TPM: Lock physical presence
11:32:28 [AP] TPM: command 0x4000000a returned 0x0
11:32:28 [AP] VbSelectAndLoadKernel() returning 0
11:32:28 [AP] Boot policy: Match for type 0 with cmdline 1
11:32:28 [AP] Modified kernel command line: cros_secure console= loglevel=7 init=/sbin/init cros_secure drm.trace=0x106 root=/dev/dm-0 rootwait ro dm_verity.error_behavior=3 dm_verity.max_bios=-1 dm_verity.dev_wait=1 dm="1 vroot none ro 1,0 1536000 verity payload=PARTUUID=f1bcbf9a-8da7-454b-98f5-208d7cde9fb7/PARTNROFF=1 hashtree=PARTUUID=f1bcbf9a-8da7-454b-98f5-208d7cde9fb7/PARTNROFF=1 hashstart=1536000 alg=sha256 root_hexdigest=a482e7c3cffa5c528c0c63db72d2ddef1edfb7839ac47cccac6b03fda0c74a87 salt=06e853d514db8481b67f105f6576e074ce227d980d9c4b2702a40ffd94f74f63" noinitrd vt.global_cursor_default=0 kern_guid=f1bcbf9a-8da7-454b-98f5-208d7cde9fb7 coherent_pool=2M  
11:32:28 [AP] Loading FIT.
11:32:28 [AP] Image fdt@12 has 4873 bytes.
11:32:28 [AP] Image fdt@11 has 4975 bytes.
11:32:28 [AP] Image fdt@10 has 4166 bytes.
11:32:28 [AP] Image fdt@9 has 6023 bytes.
11:32:28 [AP] Image fdt@8 has 20486 bytes.
11:32:28 [AP] Image fdt@7 has 18929 bytes.
11:32:28 [AP] Image fdt@6 has 14467 bytes.
11:32:28 [AP] Image fdt@5 has 4369 bytes.
11:32:28 [AP] Image fdt@4 has 4506 bytes.
11:32:28 [AP] Image fdt@3 has 5523 bytes.
11:32:28 [AP] Image fdt@2 has 7318 bytes.
11:32:28 [AP] Image fdt@1 has 7302 bytes.
11:32:28 [AP] Image kernel@1 has 4642880 bytes.
11:32:28 [AP] Compat preference: google,gale-v2
11:32:28 [AP] Config conf@12, kernel kernel@1, fdt fdt@12, compat sony,xperia-honami qcom,msm8974
11:32:28 [AP] Config conf@11, kernel kernel@1, fdt fdt@11, compat qcom,msm8960-cdp qcom,msm8960
11:32:28 [AP] Config conf@10, kernel kernel@1, fdt fdt@10, compat qcom,msm8660-surf qcom,msm8660
11:32:28 [AP] Config conf@9, kernel kernel@1, fdt fdt@9, compat qcom,ipq8064-ap148 qcom,ipq8064
11:32:28 [AP] Config conf@8, kernel kernel@1, fdt fdt@8, compat google,gale qcom,ipq4019
11:32:28 [AP] Config conf@7, kernel kernel@1, fdt fdt@7, compat google,gale-v2 (match) qcom,ipq4019
11:32:28 [AP] Config conf@6, kernel kernel@1, fdt fdt@6, compat qcom,ipq4019
11:32:28 [AP] Config conf@5, kernel kernel@1, fdt fdt@5, compat qcom,apq8084-mtp qcom,apq8084
11:32:28 [AP] Config conf@4, kernel kernel@1, fdt fdt@4, compat qcom,apq8084-ifc6540 qcom,apq8084
11:32:28 [AP] Config conf@3, kernel kernel@1, fdt fdt@3, compat qcom,apq8074-dragonboard qcom,apq8074
11:32:28 [AP] Config conf@2, kernel kernel@1, fdt fdt@2, compat qcom,apq8064-ifc6410 qcom,apq8064
11:32:28 [AP] Config conf@1 (default), kernel kernel@1, fdt fdt@1, compat qcom,apq8064-cm-qs600 qcom,apq8064
11:32:28 [AP] Choosing best match conf@7.
11:32:28 [AP] Shutting down all USB controllers.
11:32:28 [AP] Exiting depthcharge with code 4 at timestamp: 46312114
11:32:35 [AP] 
11:32:35 [AP] Developer Console
11:32:35 [AP] 
11:32:35 [AP] To return to the browser, press:
11:32:35 [AP] 
11:32:35 [AP]   [ Ctrl ] and [ Alt ] and [ <- ]  (F1)
11:32:35 [AP] 
11:32:35 [AP] To use this console, developer mode must be enabled.
11:32:35 [AP] Doing so will destroy any saved data on the system.
11:32:35 [AP] 
11:32:35 [AP] In developer mode, it is possible to
11:32:35 [AP] - login and sudo as user 'chronos'
11:32:35 [AP] - require a password for sudo and login(*)
11:32:35 [AP] - disable power management behavior (screen dimming):
11:32:35 [AP]   sudo initctl stop powerd
11:32:35 [AP] - install your own operating system image!
11:32:35 [AP] 
11:32:35 [AP] * To set a password for 'chronos', run the following as root:
11:32:35 [AP] 
11:32:35 [AP] chromeos-setdevpasswd
11:32:35 [AP] 
11:32:35 [AP] If you are having trouble booting a self-signed kernel, you may need to
11:32:35 [AP] enable USB booting.  To do so, run the following as root:
11:32:35 [AP] 
11:32:35 [AP] enable_dev_usb_boot
11:32:35 [AP] 
11:32:35 [AP] Have fun and send patches!
11:32:35 [AP] 
11:33:13 [AP] localhost login: 
11:33:13 [AP] 
11:33:13 [AP] coreboot-60d1b1c Mon Jan  9 00:04:49 UTC 2017 bootblock starting...
11:33:13 [AP] Exception handlers installed.
11:33:13 [AP] Translation table is @ 0a0f0000
11:33:13 [AP] Mapping address range [0x00000000:0x00000000) as uncached
11:33:13 [AP] Creating new subtable @0a0f4000 for [0x0a000000:0x0a100000)
11:33:13 [AP] Mapping address range [0x0a0c0000:0x0a100000) as writeback
11:33:13 [AP] Creating new subtable @0a0f4400 for [0x0a800000:0x0a900000)
11:33:13 [AP] Mapping address range [0x0a8c0000:0x0a900000) as writeback
11:33:13 [AP] Creating new subtable @0a0f4800 for [0x08600000:0x08700000)
11:33:13 [AP] Mapping address range [0x08600000:0x08608000) as writeback
11:33:13 [AP] Setting address range [0x80000000:0xa0000000) as unmapped
11:33:13 [AP] Setting address range [0x87300000:0x87500000) as unmapped
11:33:13 [AP] Setting address range [0xa0000000:0x00000000) as unmapped
11:33:13 [AP] Creating new subtable @0a0f4c00 for [0x00000000:0x00100000)
11:33:13 [AP] Setting address range [0x00000000:0x00000400) as unmapped
11:33:13 [AP] No uber-sbl parameter detected
11:33:13 [AP] SF: Detected W25Q64 with sector size 0x1000, total 0x800000
11:33:13 [AP] VBOOT: Loading verstage.
11:33:13 [AP] CBFS @ 20000 size 2e0000
11:33:13 [AP] CBFS: 'Master Header Locator' located CBFS at [20000:300000)
11:33:13 [AP] CBFS: Locating 'fallback/verstage'
11:33:13 [AP] CBFS: Found @ offset 1cf40 size 987c
11:33:13 [AP] 
11:33:13 [AP] 
11:33:13 [AP] coreboot-60d1b1c Mon Jan  9 00:04:49 UTC 2017 verstage starting...
11:33:13 [AP] Exception handlers installed.
11:33:13 [AP] SF: Detected W25Q64 with sector size 0x1000, total 0x800000
11:33:13 [AP] FMAP: Found "FMAP" version 1.0 at 300000.
11:33:13 [AP] FMAP: base = 0 size = 800000 #areas = 24
11:33:13 [AP] FMAP: area RW_NVRAM found @ 6f0000 (65536 bytes)
11:33:14 [AP] tis_init: ValidSts bit set(1) in TPM_ACCESS register after 8 ms
11:33:14 [AP] 1.2 TPM (chip type slb9645tt device-id 0x1A)
11:33:14 [AP] TPM: Startup
11:33:14 [AP] TPM: command 0x99 returned 0x0
11:33:14 [AP] TPM: Asserting physical presence
11:33:14 [AP] TPM: command 0x4000000a returned 0x0
11:33:14 [AP] TPM: command 0x65 returned 0x0
11:33:14 [AP] TPM: flags disable=0, deactivated=0, nvlocked=1
11:33:14 [AP] setup_tpm():320: TPM: SetupTPM() succeeded
11:33:14 [AP] TPM: tlcl_read(0x1007, 10)
11:33:14 [AP] TPM: command 0xcf returned 0x0
11:33:14 [AP] Reading tristate GPIOs: 0 Z 0 = 10 (binary_first base3 number system)
11:33:14 [AP] Board ID 10
11:33:14 [AP] WW_RING: initialized 1 out of 1
11:33:14 [AP] Phase 1
11:33:14 [AP] FMAP: area GBB found @ 301000 (913152 bytes)
11:33:14 [AP] VB2:vb2_check_recovery() Recovery reason from previous boot: 0x0 / 0x0
11:33:14 [AP] Phase 2
11:33:14 [AP] Phase 3
11:33:14 [AP] FMAP: area GBB found @ 301000 (913152 bytes)
11:33:14 [AP] FMAP: area VBLOCK_A found @ 400000 (8192 bytes)
11:33:14 [AP] FMAP: area VBLOCK_A found @ 400000 (8192 bytes)
11:33:15 [AP] VB2:vb2_verify_keyblock() Checking key block signature...
11:33:16 [AP] FMAP: area VBLOCK_A found @ 400000 (8192 bytes)
11:33:16 [AP] FMAP: area VBLOCK_A found @ 400000 (8192 bytes)
11:33:16 [AP] VB2:vb2_verify_fw_preamble() Verifying preamble.
11:33:17 [AP] Phase 4
11:33:17 [AP] FMAP: area FW_MAIN_A found @ 402000 (1367808 bytes)
11:33:17 [AP] VB2:vb2api_init_hash() HW crypto for hash_alg 2 not supported, using SW
11:33:23 [AP] TPM: command 0x14 returned 0x0
11:33:23 [AP] TPM: command 0x14 returned 0x0
11:33:23 [AP] TPM: Set global lock
11:33:23 [AP] TPM: tlcl_write(0x0, 0)
11:33:23 [AP] TPM: command 0xcd returned 0x0
11:33:23 [AP] Slot A is selected
11:33:23 [AP] CBFS: 'VBOOT' located CBFS at [402000:485e40)
11:33:23 [AP] CBFS: Locating 'fallback/romstage'
11:33:23 [AP] CBFS: Found @ offset 0 size 469a
11:33:23 [AP] 
11:33:23 [AP] 
11:33:23 [AP] coreboot-9ff56ab Wed Dec 19 18:42:09 UTC 2018 romstage starting...
11:33:23 [AP] SF: Detected W25Q64 with sector size 0x1000, total 0x800000
11:33:23 [AP] CBFS: 'VBOOT' located CBFS at [402000:485e40)
11:33:23 [AP] CBFS: Locating 'cdt.mbn'
11:33:23 [AP] CBFS: Found @ offset bac0 size 1ac
11:33:23 [AP] CBFS: 'VBOOT' located CBFS at [402000:485e40)
11:33:23 [AP] CBFS: Locating 'ddr.mbn'
11:33:23 [AP] CBFS: Found @ offset bcc0 size 7d38
11:33:24 [AP] DDR version private build initialized
11:33:24 [AP] SDI Entry: 0x860038d
11:33:24 [AP] Mapping address range [0x80000000:0xa0000000) as writeback
11:33:24 [AP] Mapping address range [0x87400000:0x87600000) as uncached
11:33:24 [AP] CBMEM:
11:33:24 [AP] IMD: root @ 8727f000 254 entries.
11:33:24 [AP] IMD: root @ 8727ec00 62 entries.
11:33:24 [AP] creating vboot_handoff structure
11:33:24 [AP] Reading tristate GPIOs: 0 Z 0 = 10 (binary_first base3 number system)
11:33:24 [AP] Board ID 10
11:33:24 [AP] Copying FW preamble
11:33:24 [AP] CBFS: 'VBOOT' located CBFS at [402000:485e40)
11:33:24 [AP] CBFS: Locating 'fallback/ramstage'
11:33:24 [AP] CBFS: Found @ offset 4700 size 6f2c
11:33:24 [AP] 
11:33:24 [AP] 
11:33:24 [AP] coreboot-9ff56ab Wed Dec 19 18:42:09 UTC 2018 ramstage starting...
11:33:24 [AP] SF: Detected W25Q64 with sector size 0x1000, total 0x800000
11:33:24 [AP] FMAP: Found "FMAP" version 1.0 at 300000.
11:33:24 [AP] FMAP: base = 0 size = 800000 #areas = 24
11:33:24 [AP] FMAP: area RO_VPD found @ 3e0000 (131072 bytes)
11:33:24 [AP] FMAP: area RW_VPD found @ 6e0000 (32768 bytes)
11:33:24 [AP] FMAP: area RO_VPD found @ 3e0000 (131072 bytes)
11:33:25 [AP] FMAP: area RW_VPD found @ 6e0000 (32768 bytes)
11:33:25 [AP] Exception handlers installed.
11:33:25 [AP] BS: BS_PRE_DEVICE times (us): entry 9 run 14 exit 9
11:33:25 [AP] BS: BS_DEV_INIT_CHIPS times (us): entry 9 run 29 exit 9
11:33:25 [AP] Enumerating buses...
11:33:25 [AP] Show all devs... Before device enumeration.
11:33:25 [AP] Root Device: enabled 1
11:33:25 [AP] CPU_CLUSTER: 0: enabled 1
11:33:25 [AP] Compare with tree...
11:33:25 [AP] Root Device: enabled 1
11:33:25 [AP]  CPU_CLUSTER: 0: enabled 1
11:33:25 [AP] Root Device scanning...
11:33:25 [AP] root_dev_scan_bus for Root Device
11:33:25 [AP] CPU_CLUSTER: 0 enabled
11:33:25 [AP] root_dev_scan_bus for Root Device done
11:33:25 [AP] scan_bus: scanning of bus Root Device took 12392 usecs
11:33:25 [AP] done
11:33:25 [AP] BS: BS_DEV_ENUMERATE times (us): entry 10 run 37272 exit 9
11:33:25 [AP] Allocating resources...
11:33:25 [AP] Reading resources...
11:33:25 [AP] Root Device read_resources bus 0 link: 0
11:33:25 [AP] Root Device read_resources bus 0 link: 0 done
11:33:25 [AP] Done reading resources.
11:33:25 [AP] Show resources in subtree (Root Device)...After reading.
11:33:25 [AP]  Root Device child on link 0 CPU_CLUSTER: 0
11:33:25 [AP]   CPU_CLUSTER: 0
11:33:25 [AP]   CPU_CLUSTER: 0 resource base 80000000 size 7500000 align 0 gran 0 limit 0 flags e0004200 index 0
11:33:25 [AP]   CPU_CLUSTER: 0 resource base 87500000 size b00000 align 0 gran 0 limit 0 flags f0004200 index 1
11:33:25 [AP]   CPU_CLUSTER: 0 resource base 88000000 size 18000000 align 0 gran 0 limit 0 flags e0004200 index 2
11:33:25 [AP] Setting resources...
11:33:25 [AP] Root Device assign_resources, bus 0 link: 0
11:33:25 [AP] CPU_CLUSTER: 0 missing set_resources
11:33:25 [AP] Root Device assign_resources, bus 0 link: 0
11:33:25 [AP] Done setting resources.
11:33:25 [AP] Show resources in subtree (Root Device)...After assigning values.
11:33:25 [AP]  Root Device child on link 0 CPU_CLUSTER: 0
11:33:25 [AP]   CPU_CLUSTER: 0
11:33:25 [AP]   CPU_CLUSTER: 0 resource base 80000000 size 7500000 align 0 gran 0 limit 0 flags e0004200 index 0
11:33:25 [AP]   CPU_CLUSTER: 0 resource base 87500000 size b00000 align 0 gran 0 limit 0 flags f0004200 index 1
11:33:25 [AP]   CPU_CLUSTER: 0 resource base 88000000 size 18000000 align 0 gran 0 limit 0 flags e0004200 index 2
11:33:25 [AP] Done allocating resources.
11:33:25 [AP] BS: BS_DEV_RESOURCES times (us): entry 9 run 120222 exit 9
11:33:25 [AP] Enabling resources...
11:33:25 [AP] done.
11:33:25 [AP] BS: BS_DEV_ENABLE times (us): entry 10 run 2981 exit 9
11:33:25 [AP] Initializing devices...
11:33:25 [AP] Root Device init ...
11:33:25 [AP] CBFS: 'VBOOT' located CBFS at [402000:485e40)
11:33:25 [AP] CBFS: Locating 'tzbsp_no_xpu.mbn'
11:33:25 [AP] CBFS: Found @ offset 13a40 size 60028
11:33:25 [AP] Starting TZBSP
11:33:25 [AP] Translation table is @ 0a0f0000
11:33:25 [AP] Mapping address range [0x00000000:0x00000000) as uncached
11:33:25 [AP] Creating new subtable @0a0f4000 for [0x0a000000:0x0a100000)
11:33:25 [AP] Mapping address range [0x0a0c0000:0x0a100000) as writeback
11:33:25 [AP] Creating new subtable @0a0f4400 for [0x0a800000:0x0a900000)
11:33:25 [AP] Mapping address range [0x0a8c0000:0x0a900000) as writeback
11:33:25 [AP] Creating new subtable @0a0f4800 for [0x08600000:0x08700000)
11:33:25 [AP] Mapping address range [0x08600000:0x08608000) as writeback
11:33:25 [AP] Mapping address range [0x80000000:0xa0000000) as writeback
11:33:25 [AP] Mapping address range [0x87400000:0x87600000) as uncached
11:33:25 [AP] Setting address range [0xa0000000:0x00000000) as unmapped
11:33:25 [AP] Creating new subtable @0a0f4c00 for [0x00000000:0x00100000)
11:33:25 [AP] Setting address range [0x00000000:0x00000400) as unmapped
11:33:25 [AP] Setting up USB HOST1 controller.
11:33:25 [AP] Version = 5533270a
11:33:25 [AP] software reset done
11:33:26 [AP] USB Host mode reg = 101004
11:33:26 [AP] cbmem_add_vpd_calibration_data: added wifi_base64_calibration0 to CBMEM
11:33:26 [AP] cbmem_add_vpd_calibration_data: added wifi_base64_calibration1 to CBMEM
11:33:26 [AP] Root Device init finished in 1117672 usecs
11:33:26 [AP] CPU_CLUSTER: 0 init ...
11:33:26 [AP] CPU: QCA 40xx
11:33:26 [AP] CPU_CLUSTER: 0 init finished in 3776 usecs
11:33:26 [AP] Devices initialized
11:33:26 [AP] Show all devs... After init.
11:33:26 [AP] Root Device: enabled 1
11:33:26 [AP] CPU_CLUSTER: 0: enabled 1
11:33:26 [AP] BS: BS_DEV_INIT times (us): entry 9 run 1141854 exit 2
11:33:26 [AP] Finalize devices...
11:33:26 [AP] Devices finalized
11:33:26 [AP] BS: BS_POST_DEVICE times (us): entry 2 run 3775 exit 2
11:33:26 [AP] BS: BS_OS_RESUME_CHECK times (us): entry 1 run 4 exit 2
11:33:26 [AP] Writing coreboot table at 0x8724c000
11:33:26 [AP] rom_table_end = 0x8724c000
11:33:26 [AP] ... aligned to 0x87250000
11:33:26 [AP]  0. 0000000080000000-000000008724bfff: RAM
11:33:26 [AP]  1. 000000008724c000-000000008727ffff: CONFIGURATION TABLES
11:33:26 [AP]  2. 0000000087280000-00000000874fffff: RAM
11:33:26 [AP]  3. 0000000087500000-0000000087ffffff: RESERVED
11:33:26 [AP]  4. 0000000088000000-000000009fffffff: RAM
11:33:26 [AP] Reading tristate GPIOs: 0 Z 0 = 10 (binary_first base3 number system)
11:33:26 [AP] Board ID 10
11:33:26 [AP] Passing 5 GPIOs to payload:
11:33:26 [AP]             NAME |       PORT | POLARITY |     VALUE
11:33:26 [AP]        developer | 0x00000029 |      low |       low
11:33:26 [AP]         recovery | 0x00000039 |      low |       low
11:33:26 [AP]    write protect | 0x00000035 |      low |       low
11:33:26 [AP]            power |  undefined |      low |       low
11:33:26 [AP]              lid |  undefined |      low |      high
11:33:26 [AP] CBFS: 'VBOOT' located CBFS at [402000:485e40)
11:33:26 [AP] Wrote coreboot table at: 8724c000, 0x320 bytes, checksum 9bd6
11:33:26 [AP] coreboot table: 824 bytes.
11:33:26 [AP] IMD ROOT    0. 8727f000 00001000
11:33:26 [AP] IMD SMALL   1. 8727e000 00001000
11:33:26 [AP] CONSOLE     2. 8725e000 00020000
11:33:26 [AP] TIME STAMP  3. 8725d000 00000400
11:33:26 [AP] VBOOT       4. 8725c000 00000c0c
11:33:26 [AP] VPD         5. 87254000 00007fec
11:33:26 [AP] WIFI CLBR   6. 8724e000 00005e94
11:33:26 [AP] COREBOOT    7. 8724c000 00002000
11:33:26 [AP] IMD small region:
11:33:26 [AP]   IMD ROOT    0. 8727ec00 00000400
11:33:26 [AP]   VBOOT SEL   1. 8727ebe0 00000008
11:33:26 [AP] BS: BS_WRITE_TABLES times (us): entry 2 run 120424 exit 2
11:33:26 [AP] CBFS: 'VBOOT' located CBFS at [402000:485e40)
11:33:26 [AP] CBFS: Locating 'fallback/payload'
11:33:26 [AP] CBFS: Found @ offset 73ac0 size 10341
11:33:26 [AP] Loading segment from rom address 0x872e0028
11:33:26 [AP]   code (compression=1)
11:33:26 [AP]   New segment dstaddr 0x88104040 memsize 0x1249b70 srcaddr 0x872e0060 filesize 0x10309
11:33:26 [AP] Loading segment from rom address 0x872e0044
11:33:26 [AP]   Entry Point 0x88104041
11:33:26 [AP] Bounce Buffer at 9ffcf000, 197488 bytes
11:33:26 [AP] Loading Segment: addr: 0x0000000088104040 memsz: 0x0000000001249b70 filesz: 0x0000000000010309
11:33:26 [AP] lb: [0x0000000087300000, 0x00000000873181b8)
11:33:26 [AP] Post relocation: addr: 0x0000000088104040 memsz: 0x0000000001249b70 filesz: 0x0000000000010309
11:33:26 [AP] using LZMA
11:33:26 [AP] [ 0x88104040, 88121470, 0x8934dbb0) <- 872e0060
11:33:26 [AP] Clearing Segment: addr: 0x0000000088121470 memsz: 0x000000000122c740
11:33:26 [AP] dest 88104040, end 8934dbb0, bouncebuffer 9ffcf000
11:33:26 [AP] Loaded segments
11:33:26 [AP] BS: BS_PAYLOAD_LOAD times (us): entry 2 run 175510 exit 3
11:33:26 [AP] Jumping to boot code at 88104041(8724c000)
11:33:26 [AP] CPU0: stack: 0a8fc000 - 0a900000, lowest used address 0a8ff5f0, stack used: 2576 bytes
11:33:26 [AP] 
11:33:26 [AP] 
11:33:26 [AP] Starting depthcharge on gale...
11:33:26 [AP] WARNING: can't convert coreboot GPIOs, 'lid' won't be resampled at runtime!
11:33:26 [AP] WARNING: can't convert coreboot GPIOs, 'power' won't be resampled at runtime!
11:33:26 [AP] clock_config_mmc : 1
11:33:26 [AP] WW_RING: initialized controller found at 0x32
11:33:26 [AP] WW_RING: initialized 1 out of 1
11:33:26 [AP] The GBB signature is at 0x88004020 and is:  24 47 42 42
11:33:26 [AP] Wipe memory regions:
11:33:26 [AP] 	[0x00000080000000, 0x00000080208000)
11:33:26 [AP] 	[0x00000080208200, 0x0000008724c000)
11:33:26 [AP] 	[0x00000087280000, 0x00000087500000)
11:33:26 [AP] 	[0x0000008934dbb0, 0x0000009ff00000)
11:33:27 [AP] Initializing XHCI USB controller at 0x8a00000.
11:33:27 [AP] Calling VbSelectAndLoadKernel().
11:33:27 [AP] TPM: TlclRead(0x1008, 13)
11:33:27 [AP] 1.2 TPM (chip type slb9645tt device-id 0x1A)
11:33:27 [AP] TPM: command 0xcf returned 0x0
11:33:27 [AP] TPM: command 0x65 returned 0x0
11:33:27 [AP] TPM: RollbackKernelRead 10001
11:33:27 [AP] Entering VbBootDeveloper()
11:33:27 [AP] VbAudioOpen() - ticks_per_msec is 1000
11:33:27 [AP] sound_stop: No sound ops set.
11:33:27 [AP] VbAudioOpen() - VbExBeep() is limited
11:33:27 [AP] VbGetDevMusicNotes: use_short is 0, hdr is 0x0, maxsize is 0
11:33:27 [AP] VbGetDevMusicNotes: using 5 default notes
11:33:27 [AP] VbAudioOpen() - note count 5
