	Interface phy1-ap0
		type AP
		channel 36 (5180 MHz), width: 80 MHz, center1: 5210 MHz
	Interface phy1-mesh0
		type mesh point
		channel 36 (5180 MHz), width: 80 MHz, center1: 5210 MHz
	Interface phy0-ap0
		type AP
		channel 1 (2412 MHz), width: 20 MHz, center1: 2412 MHz
---
bridge name	bridge id		STP enabled	interfaces
br-lan		7fff.703acbd3aaa6	no		lan
							phy0-ap0
							phy1-ap0
							phy1-mesh0
---
wireless.radio0.country='US'
wireless.radio0.disabled='0'
wireless.default_radio0.ssid='Cinque Veddy Much'
wireless.default_radio0.disabled='0'
wireless.radio1.country='US'
wireless.radio1.disabled='0'
wireless.default_radio1.ssid='Cinque Veddy Much'
wireless.default_radio1.disabled='0'
wireless.mesh.mesh_id='cinque-mesh'
