
>>> id
id
uid=1000(chronos) gid=1000(chronos) groups=1000(chronos),7(lp

>>> sudo enable_dev_usb_boot
sudo enable_dev_usb_boot

We trust you have received the usual 
    SUCCESS: Booting any self-signed kernel from SSD/USB/SDCard slot is enabled.

    Insert bootable media into USB / SDCard slot and press Ctrl-U in developer
    screen to boot your self-signed image.
    
chronos@localhost $ 

>>> sudo crossystem dev_boot_usb=1 dev_boot_signed_only=0 dev_default_boot=usb
sudo crossystem dev_boot_usb=1 dev_boot_signed_only=0 dev_default

>>> echo dev_boot_usb=$(sudo crossystem dev_boot_usb)
echo dev_boot_usb=$(sudo crossystem dev_boot_usb)


>>> echo dev_boot_signed_only=$(sudo crossystem dev_boot_signed_only)
echo dev_boot_signed_only=$(sudo crossystem dev_boot_signed_only)  chronos@localhost $ dev_boot_usb=1
chronos@localhost $ 

>>> echo dev_default_boot=$(sudo crossystem dev_default_boot)
echo dev_default_boot=$(sudo crossystem dev_default_boot)
dev_boot_signed_only=0
chronos@localhost $ dev_default_boot=usb
chronos@localhost $ 

>>> echo wpsw_cur=$(sudo crossystem wpsw_cur)
echo wpsw_cur=$(sudo crossystem wpsw_cur)
wpsw_cur=0
chronos@lo

>>> sync
sync
chronos@localhost $ 
