[gale-sniff-all] running. duration=60.0s. Ctrl-C to stop.
19:13:36 [EC_PD] RST EP0 3220
19:13:36 [AP] 
19:13:36 [AP] 
19:13:40 [AP] coreboot-60d1b1c Mon Jan  9 00:04:49 UTC 2017 bootblock startVbBootDeveloper() - user pressed Ctrl+U; try USB
19:13:40 [AP] VbTryLoadKernel() start, get_info_flags=0x1
19:13:40 [AP] VbTryLoadKernel() found 0 disks
19:13:40 [AP] VbSetRecoveryRequest(90)
19:13:40 [AP] VbBootDeveloper() - no kernel found on USB
19:13:40 [AP] sound_start: No sound ops set.
19:13:40 [AP] VbSetRecoveryRequest(0)
19:13:41 [AP] VbBootDeveloper() - user pressed Ctrl+U; try USB
19:13:41 [AP] VbTryLoadKernel() start, get_info_flags=0x1
19:13:41 [AP] VbTryLoadKernel() found 0 disks
19:13:41 [AP] VbSetRecoveryRequest(90)
19:13:41 [AP] VbBootDeveloper() - no kernel found on USB
19:13:41 [AP] sound_start: No sound ops set.
19:13:41 [AP] VbSetRecoveryRequest(0)
19:13:42 [AP] VbBootDeveloper() - user pressed Ctrl+U; try USB
19:13:42 [AP] VbTryLoadKernel() start, get_info_flags=0x1
19:13:42 [AP] VbTryLoadKernel() found 0 disks
19:13:42 [AP] VbSetRecoveryRequest(90)
19:13:42 [AP] VbBootDeveloper() - no kernel found on USB
19:13:42 [AP] sound_start: No sound ops set.
19:13:43 [AP] VbSetRecoveryRequest(0)
19:13:43 [AP] VbBootDeveloper() - user pressed Ctrl+U; try USB
19:13:43 [AP] VbTryLoadKernel() start, get_info_flags=0x1
19:13:43 [AP] VbTryLoadKernel() found 0 disks
19:13:43 [AP] VbSetRecoveryRequest(90)
19:13:43 [AP] VbBootDeveloper() - no kernel found on USB
19:13:43 [AP] sound_start: No sound ops set.
19:13:43 [AP] VbSetRecoveryRequest(0)
19:13:46 [AP] VbBootDeveloper() - user pressed Ctrl+U; try USB
19:13:46 [AP] VbTryLoadKernel() start, get_info_flags=0x1
19:13:46 [AP] VbTryLoadKernel() found 0 disks
19:13:46 [AP] VbSetRecoveryRequest(90)
19:13:46 [AP] VbBootDeveloper() - no kernel found on USB
19:13:46 [AP] sound_start: No sound ops set.
19:13:46 [AP] VbSetRecoveryRequest(0)
19:13:48 [AP] VbBootDeveloper() - user pressed Ctrl+U; try USB
19:13:48 [AP] VbTryLoadKernel() start, get_info_flags=0x1
19:13:48 [AP] VbTryLoadKernel() found 0 disks
19:13:48 [AP] VbSetRecoveryRequest(90)
19:13:48 [AP] VbBootDeveloper() - no kernel found on USB
19:13:48 [AP] sound_start: No sound ops set.
19:13:48 [AP] VbSetRecoveryRequest(0)
19:13:51 [AP] sound_start: No sound ops set.
19:13:52 [AP] sound_start: No sound ops set.
19:14:01 [AP] VbBootDeveloper() - trying fixed disk
19:14:01 [AP] sound_stop: No sound ops set.
19:14:01 [AP] VbTryLoadKernel() start, get_info_flags=0x2
19:14:01 [AP] MMC version  = 10000042
19:14:01 [AP] clock_config_mmc : 1
19:14:01 [AP] clock_config_mmc : 2
19:14:01 [AP] Man 000015 Snr 2986147503 Product 4FPD3R Revision 0.2
19:14:01 [AP] VbTryLoadKernel() found 1 disks
19:14:01 [AP] VbTryLoadKernel() trying disk 0
19:14:01 [AP] GptNextKernelEntry looking at new prio partition 2
19:14:01 [AP] GptNextKernelEntry s1 t0 p2
19:14:01 [AP] GptNextKernelEntry looking at new prio partition 4
19:14:01 [AP] GptNextKernelEntry s1 t0 p1
19:14:01 [AP] GptNextKernelEntry looking at new prio partition 6
19:14:01 [AP] GptNextKernelEntry s0 t15 p0
19:14:01 [AP] GptNextKernelEntry likes partition 2
19:14:01 [AP] Found kernel entry at 20480 size 32768
19:14:01 [AP] Checking key block signature...
19:14:01 [AP]    - sig_size=512, expecting 512 for algorithm 8
19:14:01 [AP]    - sig_size=256, expecting 256 for algorithm 4
19:14:01 [AP] Kernel preamble is good.
19:14:02 [AP]    - sig_size=256, expecting 256 for algorithm 4
19:14:02 [AP] Partition is good.
19:14:02 [AP] Same kernel version
19:14:02 [AP] Good_partition >= 0
19:14:02 [AP] VbTryLoadKernel() LoadKernel() = 0
19:14:03 [AP] TPM: Lock physical presence
19:14:03 [AP] TPM: command 0x4000000a returned 0x0
19:14:03 [AP] VbSelectAndLoadKernel() returning 0
19:14:03 [AP] Boot policy: Match for type 0 with cmdline 1
19:14:03 [AP] Modified kernel command line: cros_secure console= loglevel=7 init=/sbin/init cros_secure drm.trace=0x106 root=/dev/dm-0 rootwait ro dm_verity.error_behavior=3 dm_verity.max_bios=-1 dm_verity.dev_wait=1 dm="1 vroot none ro 1,0 1536000 verity payload=PARTUUID=f1bcbf9a-8da7-454b-98f5-208d7cde9fb7/PARTNROFF=1 hashtree=PARTUUID=f1bcbf9a-8da7-454b-98f5-208d7cde9fb7/PARTNROFF=1 hashstart=1536000 alg=sha256 root_hexdigest=a482e7c3cffa5c528c0c63db72d2ddef1edfb7839ac47cccac6b03fda0c74a87 salt=06e853d514db8481b67f105f6576e074ce227d980d9c4b2702a40ffd94f74f63" noinitrd vt.global_cursor_default=0 kern_guid=f1bcbf9a-8da7-454b-98f5-208d7cde9fb7 coherent_pool=2M  
19:14:03 [AP] Loading FIT.
19:14:03 [AP] Image fdt@12 has 4873 bytes.
19:14:03 [AP] Image fdt@11 has 4975 bytes.
19:14:03 [AP] Image fdt@10 has 4166 bytes.
19:14:03 [AP] Image fdt@9 has 6023 bytes.
19:14:03 [AP] Image fdt@8 has 20486 bytes.
19:14:03 [AP] Image fdt@7 has 18929 bytes.
19:14:03 [AP] Image fdt@6 has 14467 bytes.
19:14:03 [AP] Image fdt@5 has 4369 bytes.
19:14:03 [AP] Image fdt@4 has 4506 bytes.
19:14:03 [AP] Image fdt@3 has 5523 bytes.
19:14:03 [AP] Image fdt@2 has 7318 bytes.
19:14:03 [AP] Image fdt@1 has 7302 bytes.
19:14:03 [AP] Image kernel@1 has 4642880 bytes.
19:14:03 [AP] Compat preference: google,gale-v2
19:14:03 [AP] Config conf@12, kernel kernel@1, fdt fdt@12, compat sony,xperia-honami qcom,msm8974
19:14:03 [AP] Config conf@11, kernel kernel@1, fdt fdt@11, compat qcom,msm8960-cdp qcom,msm8960
19:14:03 [AP] Config conf@10, kernel kernel@1, fdt fdt@10, compat qcom,msm8660-surf qcom,msm8660
19:14:03 [AP] Config conf@9, kernel kernel@1, fdt fdt@9, compat qcom,ipq8064-ap148 qcom,ipq8064
19:14:03 [AP] Config conf@8, kernel kernel@1, fdt fdt@8, compat google,gale qcom,ipq4019
19:14:03 [AP] Config conf@7, kernel kernel@1, fdt fdt@7, compat google,gale-v2 (match) qcom,ipq4019
19:14:03 [AP] Config conf@6, kernel kernel@1, fdt fdt@6, compat qcom,ipq4019
19:14:03 [AP] Config conf@5, kernel kernel@1, fdt fdt@5, compat qcom,apq8084-mtp qcom,apq8084
19:14:03 [AP] Config conf@4, kernel kernel@1, fdt fdt@4, compat qcom,apq8084-ifc6540 qcom,apq8084
19:14:03 [AP] Config conf@3, kernel kernel@1, fdt fdt@3, compat qcom,apq8074-dragonboard qcom,apq8074
19:14:03 [AP] Config conf@2, kernel kernel@1, fdt fdt@2, compat qcom,apq8064-ifc6410 qcom,apq8064
19:14:03 [AP] Config conf@1 (default), kernel kernel@1, fdt fdt@1, compat qcom,apq8064-cm-qs600 qcom,apq8064
19:14:03 [AP] Choosing best match conf@7.
19:14:03 [AP] dt_set_wifi_calibration: did not find mapping for (NULL)
19:14:03 [AP] Shutting down all USB controllers.
19:14:03 [AP] Exiting depthcharge with code 4 at timestamp: 45851283

[gale-sniff-all] totals:
  AP: 5016 bytes
  EC_PD: 14 bytes
