[gale-sniff-all] running. duration=90.0s. Ctrl-C to stop.
20:38:00 [EC_PD] RST EP0 3220
20:38:00 [AP] 
20:38:00 [AP] 
20:38:19 [AP] coreboot-60d1b1c Mon Jan  9 00:04:49 UTC 2017 bootblock startsound_start: No sound ops set.
20:38:19 [AP] sound_start: No sound ops set.
20:38:29 [AP] VbBootDeveloper() - trying fixed disk
20:38:29 [AP] sound_stop: No sound ops set.
20:38:29 [AP] VbTryLoadKernel() start, get_info_flags=0x2
20:38:29 [AP] MMC version  = 10000042
20:38:29 [AP] clock_config_mmc : 1
20:38:29 [AP] clock_config_mmc : 2
20:38:29 [AP] Man 000015 Snr 2986147503 Product 4FPD3R Revision 0.2
20:38:29 [AP] VbTryLoadKernel() found 1 disks
20:38:29 [AP] VbTryLoadKernel() trying disk 0
20:38:29 [AP] GptNextKernelEntry looking at new prio partition 2
20:38:29 [AP] GptNextKernelEntry s1 t0 p2
20:38:29 [AP] GptNextKernelEntry looking at new prio partition 4
20:38:29 [AP] GptNextKernelEntry s1 t0 p1
20:38:29 [AP] GptNextKernelEntry looking at new prio partition 6
20:38:29 [AP] GptNextKernelEntry s0 t15 p0
20:38:29 [AP] GptNextKernelEntry likes partition 2
20:38:29 [AP] Found kernel entry at 20480 size 32768
20:38:29 [AP] Checking key block signature...
20:38:29 [AP]    - sig_size=512, expecting 512 for algorithm 8
20:38:29 [AP]    - sig_size=256, expecting 256 for algorithm 4
20:38:29 [AP] Kernel preamble is good.
20:38:30 [AP]    - sig_size=256, expecting 256 for algorithm 4
20:38:30 [AP] Partition is good.
20:38:30 [AP] Same kernel version
20:38:30 [AP] Good_partition >= 0
20:38:30 [AP] VbTryLoadKernel() LoadKernel() = 0
20:38:30 [AP] TPM: Lock physical presence
20:38:31 [AP] TPM: command 0x4000000a returned 0x0
20:38:31 [AP] VbSelectAndLoadKernel() returning 0
20:38:31 [AP] Boot policy: Match for type 0 with cmdline 1
20:38:31 [AP] Modified kernel command line: cros_secure console= loglevel=7 init=/sbin/init cros_secure drm.trace=0x106 root=/dev/dm-0 rootwait ro dm_verity.error_behavior=3 dm_verity.max_bios=-1 dm_verity.dev_wait=1 dm="1 vroot none ro 1,0 1536000 verity payload=PARTUUID=f1bcbf9a-8da7-454b-98f5-208d7cde9fb7/PARTNROFF=1 hashtree=PARTUUID=f1bcbf9a-8da7-454b-98f5-208d7cde9fb7/PARTNROFF=1 hashstart=1536000 alg=sha256 root_hexdigest=a482e7c3cffa5c528c0c63db72d2ddef1edfb7839ac47cccac6b03fda0c74a87 salt=06e853d514db8481b67f105f6576e074ce227d980d9c4b2702a40ffd94f74f63" noinitrd vt.global_cursor_default=0 kern_guid=f1bcbf9a-8da7-454b-98f5-208d7cde9fb7 coherent_pool=2M  
20:38:31 [AP] Loading FIT.
20:38:31 [AP] Image fdt@12 has 4873 bytes.
20:38:31 [AP] Image fdt@11 has 4975 bytes.
20:38:31 [AP] Image fdt@10 has 4166 bytes.
20:38:31 [AP] Image fdt@9 has 6023 bytes.
20:38:31 [AP] Image fdt@8 has 20486 bytes.
20:38:31 [AP] Image fdt@7 has 18929 bytes.
20:38:31 [AP] Image fdt@6 has 14467 bytes.
20:38:31 [AP] Image fdt@5 has 4369 bytes.
20:38:31 [AP] Image fdt@4 has 4506 bytes.
20:38:31 [AP] Image fdt@3 has 5523 bytes.
20:38:31 [AP] Image fdt@2 has 7318 bytes.
20:38:31 [AP] Image fdt@1 has 7302 bytes.
20:38:31 [AP] Image kernel@1 has 4642880 bytes.
20:38:31 [AP] Compat preference: google,gale-v2
20:38:31 [AP] Config conf@12, kernel kernel@1, fdt fdt@12, compat sony,xperia-honami qcom,msm8974
20:38:31 [AP] Config conf@11, kernel kernel@1, fdt fdt@11, compat qcom,msm8960-cdp qcom,msm8960
20:38:31 [AP] Config conf@10, kernel kernel@1, fdt fdt@10, compat qcom,msm8660-surf qcom,msm8660
20:38:31 [AP] Config conf@9, kernel kernel@1, fdt fdt@9, compat qcom,ipq8064-ap148 qcom,ipq8064
20:38:31 [AP] Config conf@8, kernel kernel@1, fdt fdt@8, compat google,gale qcom,ipq4019
20:38:31 [AP] Config conf@7, kernel kernel@1, fdt fdt@7, compat google,gale-v2 (match) qcom,ipq4019
20:38:31 [AP] Config conf@6, kernel kernel@1, fdt fdt@6, compat qcom,ipq4019
20:38:31 [AP] Config conf@5, kernel kernel@1, fdt fdt@5, compat qcom,apq8084-mtp qcom,apq8084
20:38:31 [AP] Config conf@4, kernel kernel@1, fdt fdt@4, compat qcom,apq8084-ifc6540 qcom,apq8084
20:38:31 [AP] Config conf@3, kernel kernel@1, fdt fdt@3, compat qcom,apq8074-dragonboard qcom,apq8074
20:38:31 [AP] Config conf@2, kernel kernel@1, fdt fdt@2, compat qcom,apq8064-ifc6410 qcom,apq8064
20:38:31 [AP] Config conf@1 (default), kernel kernel@1, fdt fdt@1, compat qcom,apq8064-cm-qs600 qcom,apq8064
20:38:31 [AP] Choosing best match conf@7.
20:38:31 [AP] Shutting down all USB controllers.
20:38:31 [AP] Exiting depthcharge with code 4 at timestamp: 46453759

[gale-sniff-all] totals:
  AP: 3428 bytes
  EC_PD: 14 bytes
