[gale-sniff-all] running. duration=75.0s. Ctrl-C to stop.
08:34:15 [EC_PD] RST EP0 3220
08:34:15 [AP] 
08:34:15 [AP] 
08:34:24 [AP] coreboot-60d1b1c Mon Jan  9 00:04:49 UTC 2017 bootblock startVbBootDeveloper() - trying fixed disk
08:34:24 [AP] sound_stop: No sound ops set.
08:34:24 [AP] VbTryLoadKernel() start, get_info_flags=0x2
08:34:24 [AP] MMC version  = 10000042
08:34:24 [AP] clock_config_mmc : 1
08:34:24 [AP] clock_config_mmc : 2
08:34:24 [AP] Man 000015 Snr 2986147503 Product 4FPD3R Revision 0.2
08:34:24 [AP] VbTryLoadKernel() found 1 disks
08:34:24 [AP] VbTryLoadKernel() trying disk 0
08:34:24 [AP] GptNextKernelEntry looking at new prio partition 2
08:34:24 [AP] GptNextKernelEntry s1 t0 p1
08:34:24 [AP] GptNextKernelEntry looking at new prio partition 4
08:34:24 [AP] GptNextKernelEntry s0 t15 p0
08:34:24 [AP] GptNextKernelEntry looking at new prio partition 6
08:34:24 [AP] GptNextKernelEntry s0 t15 p0
08:34:24 [AP] GptNextKernelEntry likes partition 2
08:34:24 [AP] Found kernel entry at 20480 size 32768
08:34:24 [AP] Checking key block signature...
08:34:24 [AP]    - sig_size=512, expecting 512 for algorithm 8
08:34:24 [AP]    - sig_size=256, expecting 256 for algorithm 4
08:34:24 [AP] Kernel preamble is good.
08:34:25 [AP]    - sig_size=256, expecting 256 for algorithm 4
08:34:26 [AP] Partition is good.
08:34:26 [AP] Same kernel version
08:34:26 [AP] Good_partition >= 0
08:34:26 [AP] VbTryLoadKernel() LoadKernel() = 0
08:34:26 [AP] TPM: Lock physical presence
08:34:26 [AP] TPM: command 0x4000000a returned 0x0
08:34:26 [AP] VbSelectAndLoadKernel() returning 0
08:34:26 [AP] Boot policy: Match for type 0 with cmdline 1
08:34:26 [AP] Modified kernel command line: cros_secure console= loglevel=7 init=/sbin/init cros_secure oops=panic panic=-1 root=/dev/dm-0 rootwait ro dm_verity.error_behavior=3 dm_verity.max_bios=-1 dm_verity.dev_wait=1 dm="1 vroot none ro 1,0 1536000 verity payload=PARTUUID=3975819c-69c9-cb4b-81bf-68b32381b104/PARTNROFF=1 hashtree=PARTUUID=3975819c-69c9-cb4b-81bf-68b32381b104/PARTNROFF=1 hashstart=1536000 alg=sha1 root_hexdigest=25009619ed1c7b8e4eae62d0d4cc7f794507d4d6 salt=8da0ac678592acf6395953f6dca6310b5682844dc5ae70c2e96c88474c273afa" noinitrd vt.global_cursor_default=0 kern_guid=3975819c-69c9-cb4b-81bf-68b32381b104 coherent_pool=2M  
08:34:26 [AP] Loading FIT.
08:34:26 [AP] Image fdt@12 has 4873 bytes.
08:34:26 [AP] Image fdt@11 has 4975 bytes.
08:34:26 [AP] Image fdt@10 has 4166 bytes.
08:34:26 [AP] Image fdt@9 has 6023 bytes.
08:34:26 [AP] Image fdt@8 has 20301 bytes.
08:34:26 [AP] Image fdt@7 has 18611 bytes.
08:34:26 [AP] Image fdt@6 has 14306 bytes.
08:34:26 [AP] Image fdt@5 has 4369 bytes.
08:34:26 [AP] Image fdt@4 has 4506 bytes.
08:34:26 [AP] Image fdt@3 has 5523 bytes.
08:34:26 [AP] Image fdt@2 has 7318 bytes.
08:34:26 [AP] Image fdt@1 has 7302 bytes.
08:34:26 [AP] Image kernel@1 has 4574040 bytes.
08:34:26 [AP] Compat preference: google,gale-v2
08:34:26 [AP] Config conf@12, kernel kernel@1, fdt fdt@12, compat sony,xperia-honami qcom,msm8974
08:34:26 [AP] Config conf@11, kernel kernel@1, fdt fdt@11, compat qcom,msm8960-cdp qcom,msm8960
08:34:26 [AP] Config conf@10, kernel kernel@1, fdt fdt@10, compat qcom,msm8660-surf qcom,msm8660
08:34:26 [AP] Config conf@9, kernel kernel@1, fdt fdt@9, compat qcom,ipq8064-ap148 qcom,ipq8064
08:34:26 [AP] Config conf@8, kernel kernel@1, fdt fdt@8, compat google,gale qcom,ipq4019
08:34:26 [AP] Config conf@7, kernel kernel@1, fdt fdt@7, compat google,gale-v2 (match) qcom,ipq4019
08:34:26 [AP] Config conf@6, kernel kernel@1, fdt fdt@6, compat qcom,ipq4019
08:34:26 [AP] Config conf@5, kernel kernel@1, fdt fdt@5, compat qcom,apq8084-mtp qcom,apq8084
08:34:26 [AP] Config conf@4, kernel kernel@1, fdt fdt@4, compat qcom,apq8084-ifc6540 qcom,apq8084
08:34:26 [AP] Config conf@3, kernel kernel@1, fdt fdt@3, compat qcom,apq8074-dragonboard qcom,apq8074
08:34:26 [AP] Config conf@2, kernel kernel@1, fdt fdt@2, compat qcom,apq8064-ifc6410 qcom,apq8064
08:34:26 [AP] Config conf@1 (default), kernel kernel@1, fdt fdt@1, compat qcom,apq8064-cm-qs600 qcom,apq8064
08:34:26 [AP] Choosing best match conf@7.
08:34:26 [AP] dt_set_wifi_calibration: did not find mapping for (NULL)
08:34:26 [AP] Shutting down all USB controllers.
08:34:26 [AP] Exiting depthcharge with code 4 at timestamp: 42572274

[gale-sniff-all] totals:
  AP: 3401 bytes
  EC_PD: 14 bytes
